ï¿½ï¿½Hï¿½ESP-ROM:esp32s3-20210327
Build:Mar 27 2021
rst:0x1 (POWERON),boot:0x8 (SPI_FAST_FLASH_BOOT)
SPIWP:0xee
mode:DIO, clock div:1
load:0x3fce2810,len:0x178c
load:0x403c8700,len:0x4
load:0x403c8704,len:0xcb8
load:0x403cb700,len:0x2d9c
entry 0x403c8914
[0;32mI (27) boot: ESP-IDF v5.3-dev-2265-gfdb7a43752 2nd stage bootloader[0m
[0;32mI (27) boot: compile time Apr 23 2024 12:13:03[0m
[0;32mI (27) boot: Multicore bootloader[0m
[0;32mI (32) boot: chip revision: v0.2[0m
[0;32mI (35) boot.esp32s3: Boot SPI Speed : 80MHz[0m
[0;32mI (40) boot.esp32s3: SPI Mode       : DIO[0m
[0;32mI (45) boot.esp32s3: SPI Flash Size : 2MB[0m
[0;32mI (50) boot: Enabling RNG early entropy source...[0m
[0;32mI (55) boot: Partition Table:[0m
[0;32mI (59) boot: ## Label            Usage          Type ST Offset   Length[0m
[0;32mI (66) boot:  0 nvs              WiFi data        01 02 00009000 00006000[0m
[0;32mI (73) boot:  1 phy_init         RF data          01 01 0000f000 00001000[0m
[0;32mI (81) boot:  2 factory          factory app      00 00 00010000 00100000[0m
[0;32mI (88) boot: End of partition table[0m
[0;32mI (92) esp_image: segment 0: paddr=00010020 vaddr=3c090020 size=250e4h (151780) map[0m
[0;32mI (128) esp_image: segment 1: paddr=0003510c vaddr=3fc9ab00 size=0489ch ( 18588) load[0m
[0;32mI (132) esp_image: segment 2: paddr=000399b0 vaddr=40374000 size=06668h ( 26216) load[0m
[0;32mI (140) esp_image: segment 3: paddr=00040020 vaddr=42000020 size=8a614h (566804) map[0m
[0;32mI (244) esp_image: segment 4: paddr=000ca63c vaddr=4037a668 size=103b8h ( 66488) load[0m
[0;32mI (259) esp_image: segment 5: paddr=000da9fc vaddr=50000000 size=00004h (     4) load[0m
[0;32mI (259) esp_image: segment 6: paddr=000daa08 vaddr=600fe000 size=00070h (   112) load[0m
[0;32mI (274) boot: Loaded app from partition at offset 0x10000[0m
[0;32mI (274) boot: Disabling RNG early entropy source...[0m
[0;32mI (287) cpu_start: Multicore app[0m
[0;32mI (298) cpu_start: Pro cpu start user code[0m
[0;32mI (298) cpu_start: cpu freq: 160000000 Hz[0m
[0;32mI (298) app_init: Application information:[0m
[0;32mI (301) app_init: Project name:     ds3231[0m
[0;32mI (306) app_init: App version:      ecbe850[0m
[0;32mI (310) app_init: Compile time:     Apr 23 2024 12:18:47[0m
[0;32mI (316) app_init: ELF file SHA256:  8a77d5cee...[0m
[0;32mI (322) app_init: ESP-IDF:          v5.3-dev-2265-gfdb7a43752[0m
[0;32mI (328) app_init: Min chip rev:     v0.0[0m
[0;32mI (333) app_init: Max chip rev:     v0.99 [0m
[0;32mI (338) app_init: Chip rev:         v0.2[0m
[0;32mI (342) heap_init: Initializing. RAM available for dynamic allocation:[0m
[0;32mI (349) heap_init: At 3FCA33C0 len 00046350 (280 KiB): RAM[0m
[0;32mI (355) heap_init: At 3FCE9710 len 00005724 (21 KiB): RAM[0m
[0;32mI (362) heap_init: At 3FCF0000 len 00008000 (32 KiB): DRAM[0m
[0;32mI (368) heap_init: At 600FE070 len 00001F78 (7 KiB): RTCRAM[0m
[0;32mI (375) spi_flash: detected chip: gd[0m
[0;32mI (378) spi_flash: flash io: dio[0m
[0;33mW (382) spi_flash: Detected size(8192k) larger than the size in the binary image header(2048k). Using the size in the binary image header.[0m
[0;33mW (395) i2c: This driver is an old driver, please migrate your application code to adapt `driver/i2c_master.h`[0m
[0;32mI (406) sleep: Configure to isolate all GPIO pins in sleep state[0m
[0;32mI (413) sleep: Enable automatic switching of GPIO sleep configuration[0m
[0;32mI (420) main_task: Started on CPU0[0m
[0;32mI (430) main_task: Calling app_main()[0m
[0;32mI (430) DS3213: CONFIG_SCL_GPIO = 33[0m
[0;32mI (430) DS3213: CONFIG_SDA_GPIO = 34[0m
[0;32mI (440) DS3213: CONFIG_TIMEZONE= 0[0m
[0;32mI (440) DS3213: Boot count: 1[0m
[0;32mI (440) setClock: Connecting to WiFi and getting time over NTP.[0m
[0;32mI (450) main_task: Returned from app_main()[0m
[0;32mI (490) example_connect: Start example_connect.[0m
[0;32mI (490) pp: pp rom version: e7ae62f[0m
[0;32mI (490) net80211: net80211 rom version: e7ae62f[0m
I (500) wifi:wifi driver task: 3fcad2e8, prio:23, stack:6656, core=0
I (810) wifi:wifi firmware version: f2b9bda51
I (810) wifi:wifi certification version: v7.0
I (810) wifi:config NVS flash: enabled
I (810) wifi:config nano formating: disabled
I (820) wifi:Init data frame dynamic rx buffer num: 32
I (820) wifi:Init static rx mgmt buffer num: 5
I (830) wifi:Init management short buffer num: 32
I (830) wifi:Init dynamic tx buffer num: 32
I (830) wifi:Init static tx FG buffer num: 2
I (840) wifi:Init static rx buffer size: 1600
I (840) wifi:Init static rx buffer num: 10
I (850) wifi:Init dynamic rx buffer num: 32
[0;32mI (850) wifi_init: rx ba win: 6[0m
[0;32mI (850) wifi_init: accept mbox: 6[0m
[0;32mI (860) wifi_init: tcpip mbox: 32[0m
[0;32mI (860) wifi_init: udp mbox: 6[0m
[0;32mI (870) wifi_init: tcp mbox: 6[0m
[0;32mI (870) wifi_init: tcp tx win: 5760[0m
[0;32mI (870) wifi_init: tcp rx win: 5760[0m
[0;32mI (880) wifi_init: tcp mss: 1440[0m
[0;32mI (880) wifi_init: WiFi IRAM OP enabled[0m
[0;32mI (890) wifi_init: WiFi RX IRAM OP enabled[0m
[0;32mI (890) phy_init: phy_version 640,cd64a1a,Jan 24 2024,17:28:12[0m
I (960) wifi:mode : sta (48:27:e2:e1:e2:40)
I (960) wifi:enable tsf
[0;32mI (960) example_connect: Connecting to FRITZ!Box 7530 FJ...[0m
[0;32mI (960) example_connect: Waiting for IP(s)[0m
I (3870) wifi:new:<6,0>, old:<1,0>, ap:<255,255>, sta:<6,0>, prof:1
I (3870) wifi:state: init -> auth (b0)
I (3870) wifi:state: auth -> assoc (0)
I (3880) wifi:state: assoc -> run (10)
I (3910) wifi:connected with FRITZ!Box 7530 FJ, aid = 39, channel 6, BW20, bssid = 3c:37:12:82:db:2c
I (3910) wifi:security: WPA2-PSK, phy: bgn, rssi: -84
I (3920) wifi:pm start, type: 1

I (3920) wifi:dp: 1, bi: 102400, li: 3, scale listen interval from 307200 us to 307200 us
I (3930) wifi:set rx beacon pti, rx_bcn_pti: 0, bcn_timeout: 25000, mt_pti: 0, mt_time: 10000
I (3940) wifi:<ba-add>idx:0 (ifx:0, 3c:37:12:82:db:2c), tid:0, ssn:1, winSize:64
I (3960) wifi:AP's beacon interval = 102400 us, DTIM period = 1
[0;32mI (4940) esp_netif_handlers: example_netif_sta ip: 192.168.178.147, mask: 255.255.255.0, gw: 192.168.178.1[0m
[0;32mI (4940) example_connect: Got IPv4 event: Interface "example_netif_sta" address: 192.168.178.147[0m
[0;32mI (5490) example_connect: Got IPv6 event: Interface "example_netif_sta" address: fe80:0000:0000:0000:4a27:e2ff:fee1:e240, type: ESP_IP6_ADDR_IS_LINK_LOCAL[0m
[0;32mI (5490) example_common: Connected to example_netif_sta[0m
[0;32mI (5500) example_common: - IPv4 address: 192.168.178.147,[0m
[0;32mI (5500) example_common: - IPv6 address: fe80:0000:0000:0000:4a27:e2ff:fee1:e240, type: ESP_IP6_ADDR_IS_LINK_LOCAL[0m
[0;32mI (5510) DS3213: Initializing SNTP[0m
[0;32mI (5520) DS3213: Your NTP Server is pool.ntp.org[0m
[0;32mI (5520) DS3213: Waiting for system time to be set... (1/10)[0m
[0;32mI (7530) DS3213: Waiting for system time to be set... (2/10)[0m
I (8830) wifi:<ba-add>idx:1 (ifx:0, 3c:37:12:82:db:2c), tid:4, ssn:1, winSize:64
[0;32mI (8830) DS3213: Notification of a time synchronization event[0m
I (9530) wifi:state: run -> init (0)
I (9530) wifi:pm stop, total sleep time: 4435076 us / 5608774 us

I (9530) wifi:<ba-del>idx:0, tid:0
I (9530) wifi:<ba-del>idx:1, tid:4
I (9530) wifi:new:<6,0>, old:<6,0>, ap:<255,255>, sta:<6,0>, prof:1
I (9590) wifi:flush txq
I (9590) wifi:stop sw txq
I (9590) wifi:lmac stop hw txq
I (9590) wifi:Deinit lldesc rx mblock:10
[0;32mI (9600) setClock: The current date/time is: Tue Apr 23 10:20:15 2024[0m
[0;32mI (9600) setClock: Set initial date time done[0m
[0;32mI (9600) setClock: Entering deep sleep for 10 seconds[0m
ESP-ROM:esp32s3-20210327
Build:Mar 27 2021
rst:0x5 (DSLEEP),boot:0x8 (SPI_FAST_FLASH_BOOT)
pro cpu reset by JTAG
SPIWP:0xee
mode:DIO, clock div:1
load:0x3fce2810,len:0x178c
load:0x403c8700,len:0x4
load:0x403c8704,len:0xcb8
load:0x403cb700,len:0x2d9c
entry 0x403c8914
[0;32mI (28) boot: ESP-IDF v5.3-dev-2265-gfdb7a43752 2nd stage bootloader[0m
[0;32mI (29) boot: compile time Apr 23 2024 12:13:03[0m
[0;32mI (29) boot: Multicore bootloader[0m
[0;32mI (33) boot: chip revision: v0.2[0m
[0;32mI (37) boot.esp32s3: Boot SPI Speed : 80MHz[0m
[0;32mI (42) boot.esp32s3: SPI Mode       : DIO[0m
[0;32mI (47) boot.esp32s3: SPI Flash Size : 2MB[0m
[0;32mI (51) boot: Enabling RNG early entropy source...[0m
[0;32mI (57) boot: Partition Table:[0m
[0;32mI (60) boot: ## Label            Usage          Type ST Offset   Length[0m
[0;32mI (68) boot:  0 nvs              WiFi data        01 02 00009000 00006000[0m
[0;32mI (75) boot:  1 phy_init         RF data          01 01 0000f000 00001000[0m
[0;32mI (83) boot:  2 factory          factory app      00 00 00010000 00100000[0m
[0;32mI (90) boot: End of partition table[0m
[0;32mI (94) esp_image: segment 0: paddr=00010020 vaddr=3c090020 size=250e4h (151780) map[0m
[0;32mI (130) esp_image: segment 1: paddr=0003510c vaddr=3fc9ab00 size=0489ch ( 18588) load[0m
[0;32mI (134) esp_image: segment 2: paddr=000399b0 vaddr=40374000 size=06668h ( 26216) load[0m
[0;32mI (142) esp_image: segment 3: paddr=00040020 vaddr=42000020 size=8a614h (566804) map[0m
[0;32mI (246) esp_image: segment 4: paddr=000ca63c vaddr=4037a668 size=103b8h ( 66488) load[0m
[0;32mI (261) esp_image: segment 5: paddr=000da9fc vaddr=50000000 size=00004h (     4) [0m
[0;32mI (261) esp_image: segment 6: paddr=000daa08 vaddr=600fe000 size=00070h (   112) [0m
[0;32mI (275) boot: Loaded app from partition at offset 0x10000[0m
[0;32mI (275) boot: Disabling RNG early entropy source...[0m
[0;32mI (289) cpu_start: Multicore app[0m
[0;32mI (299) cpu_start: Pro cpu start user code[0m
[0;32mI (299) cpu_start: cpu freq: 160000000 Hz[0m
[0;32mI (299) app_init: Application information:[0m
[0;32mI (302) app_init: Project name:     ds3231[0m
[0;32mI (307) app_init: App version:      ecbe850[0m
[0;32mI (312) app_init: Compile time:     Apr 23 2024 12:18:47[0m
[0;32mI (318) app_init: ELF file SHA256:  8a77d5cee...[0m
[0;32mI (323) app_init: ESP-IDF:          v5.3-dev-2265-gfdb7a43752[0m
[0;32mI (329) app_init: Min chip rev:     v0.0[0m
[0;32mI (334) app_init: Max chip rev:     v0.99 [0m
[0;32mI (339) app_init: Chip rev:         v0.2[0m
[0;32mI (343) heap_init: Initializing. RAM available for dynamic allocation:[0m
[0;32mI (351) heap_init: At 3FCA33C0 len 00046350 (280 KiB): RAM[0m
[0;32mI (357) heap_init: At 3FCE9710 len 00005724 (21 KiB): RAM[0m
[0;32mI (363) heap_init: At 3FCF0000 len 00008000 (32 KiB): DRAM[0m
[0;32mI (369) heap_init: At 600FE070 len 00001F78 (7 KiB): RTCRAM[0m
[0;32mI (376) spi_flash: detected chip: gd[0m
[0;32mI (379) spi_flash: flash io: dio[0m
[0;33mW (383) spi_flash: Detected size(8192k) larger than the size in the binary image header(2048k). Using the size in the binary image header.[0m
[0;33mW (397) i2c: This driver is an old driver, please migrate your application code to adapt `driver/i2c_master.h`[0m
[0;32mI (407) sleep: Configure to isolate all GPIO pins in sleep state[0m
[0;32mI (414) sleep: Enable automatic switching of GPIO sleep configuration[0m
[0;32mI (421) main_task: Started on CPU0[0m
[0;32mI (431) main_task: Calling app_main()[0m
[0;32mI (431) DS3213: CONFIG_SCL_GPIO = 33[0m
[0;32mI (431) DS3213: CONFIG_SDA_GPIO = 34[0m
[0;32mI (441) DS3213: CONFIG_TIMEZONE= 0[0m
[0;32mI (441) DS3213: Boot count: 2[0m
[0;32mI (451) getClock: 2024-04-23 10:20:25, 21.50 deg Cel[0m
[0;32mI (451) main_task: Returned from app_main()[0m
[0;32mI (10441) getClock: 2024-04-23 10:20:35, 21.50 deg Cel[0m
[0;32mI (20441) getClock: 2024-04-23 10:20:45, 21.50 deg Cel[0m
[0;32mI (30441) getClock: 2024-04-23 10:20:55, 21.50 deg Cel[0m
[0;32mI (40441) getClock: 2024-04-23 10:21:05, 21.50 deg Cel[0m
[0;32mI (50441) getClock: 2024-04-23 10:21:15, 21.50 deg Cel[0m
[0;32mI (60441) getClock: 2024-04-23 10:21:25, 21.50 deg Cel[0m
[0;32mI (70441) getClock: 2024-04-23 10:21:35, 22.75 deg Cel[0m
[0;32mI (80441) getClock: 2024-04-23 10:21:45, 23.25 deg Cel[0m
[0;32mI (90441) getClock: 2024-04-23 10:21:55, 22.00 deg Cel[0m
[0;32mI (100441) getClock: 2024-04-23 10:22:05, 22.00 deg Cel[0m
[0;32mI (110441) getClock: 2024-04-23 10:22:15, 21.75 deg Cel[0m
[0;32mI (120441) getClock: 2024-04-23 10:22:25, 21.75 deg Cel[0m
[0;32mI (130441) getClock: 2024-04-23 10:22:35, 21.50 deg Cel[0m
[0;32mI (140441) getClock: 2024-04-23 10:22:45, 21.75 deg Cel[0m
[0;32mI (150441) getClock: 2024-04-23 10:22:55, 21.75 deg Cel[0m
